******************************************************************************
              TMS320C55x Linker PC v4.4.1                      
******************************************************************************
>> Linked Wed Mar 28 18:24:18 2018

OUTPUT FILE NAME:   <EQ.out>
ENTRY POINT SYMBOL: "_c_int00"  address: 000287ef


MEMORY CONFIGURATION

         name            origin    length      used     unused   attr    fill
                        (bytes)   (bytes)    (bytes)   (bytes)
----------------------  --------  ---------  --------  --------  ----  --------
PAGE 0:
  MMR                   00000000   000000c0  00000000  000000c0  RWIX
  DARAM0                000000c0   0000ff40  0000703a  00008f06  RWIX
  SARAM0                00010000   00010000  00000000  00010000  RWIX
  SARAM1                00020000   00020000  00008911  000176ef  RWIX
  SARAM2                00040000   0000fe00  000003b4  0000fa4c  RWIX
  VECS                  0004fe00   00000200  00000200  00000000  RWIX
  PDROM                 00ff8000   00008000  00000000  00008000  R IX

PAGE 2:
  IOPORT                00000000   00020000  00000000  00020000  RWI 


SECTION ALLOCATION MAP
(Addresses surrounded by []'s are displayed for convenience only!)

output                                                          attributes/
section   page  orgn(bytes) orgn(words) len(bytes) len(words)   input sections
--------  ----  ----------- ----------- ---------- ----------   --------------
.pinit       0   [ 00040000 ]  00020000          *   00000000   UNINITIALIZED

.stack       0   [ 000000c0 ]  00000060          *   00001000   UNINITIALIZED
                 [ 000000c0 ]  00000060          *   00001000   --HOLE--

.data        0   [ 000000c0 ]  00000060          *   00000000   UNINITIALIZED

.sysstack 
*            0   [ 000020c0 ]  00001060          *   00000800   UNINITIALIZED
                 [ 000020c0 ]  00001060          *   00000800   --HOLE--

.sysmem      0   [ 000030c0 ]  00001860          *   00001000   UNINITIALIZED
                 [ 000030c0 ]  00001860          *   00001000   --HOLE--

.bss.1       0   [ 000050c0 ]  00002860          *   00000c4d   UNINITIALIZED
                 [ 000050c0 ]  00002860          *   0000053c   main.obj (.bss)
                 [ 00005b38 ]  00002d9c          *   00000408   ezdsp5535_aic3204_dma.obj (.bss)
                 [ 00006348 ]  000031a4          *   00000119   rts55x.lib : defs.obj (.bss)
                 [ 0000657a ]  000032bd          *   000000d0              : trgdrv.obj (.bss)
                 [ 0000671a ]  0000338d          *   00000001              : fopen.obj (.bss)
                 [ 0000671c ]  0000338e          *   00000084   cslVC5505.lib : csl_intc.obj (.bss)
                 [ 00006824 ]  00003412          *   00000071   rts55x.lib : lowlev.obj (.bss)
                 [ 00006906 ]  00003483          *   0000002a   cslVC5505.lib : csl_i2s.obj (.bss)

.bss.2       0   [ 0000695c ]  000034ae          *   00000030   UNINITIALIZED
                 [ 0000695c ]  000034ae          *   00000012   cslVC5505.lib : csl_i2c.obj (.bss)
                 [ 00006980 ]  000034c0          *   00000008   ezdsp5535bsl.lib : ezdsp5535_sar.obj (.bss)
                 [ 00006990 ]  000034c8          *   00000006   rts55x.lib : memory.obj (.bss)
                 [ 0000699c ]  000034ce          *   00000004   ezdsp5535bsl.lib : ezdsp5535_gpio.obj (.bss)
                 [ 000069a4 ]  000034d2          *   00000004   rts55x.lib : _lock.obj (.bss)
                 [ 000069ac ]  000034d6          *   00000004              : exit.obj (.bss)
                 [ 000069b4 ]  000034da          *   00000002   aic3204.obj (.bss)
                 [ 000069b8 ]  000034dc          *   00000002   ezdsp5535bsl.lib : ezdsp5535_i2s.obj (.bss)

.const       0   [ 000069bc ]  000034de          *   000003a0   
                 [ 000069bc ]  000034de          *   00000174   aic3204_init.obj (.const:.string)
                 [ 00006ca4 ]  00003652          *   00000101   rts55x.lib : ctype.obj (.const:__ctypes_)
                 [ 00006ea6 ]  00003753          *   00000060   print_number.obj (.const:_consolas_8ptBitmaps)
                 [ 00006f66 ]  000037b3          *   00000001   print_number.obj (.const)
                 [ 00006f68 ]  000037b4          *   0000004c   processing.obj (.const:.string)
                 [ 00007000 ]  00003800          *   00000034   main.obj (.const:.string)
                 [ 00007068 ]  00003834          *   00000024   rts55x.lib : _printfi.obj (.const:.string)
                 [ 000070b0 ]  00003858          *   0000000c              : _printfi.obj (.const)
                 [ 000070c8 ]  00003864          *   00000008              : divd.obj (.const:_initial_approx$1)
                 [ 000070d8 ]  0000386c          *   00000008   main.obj (.const)
                 [ 000070e8 ]  00003874          *   00000006   processing.obj (.const)
                 [ 000070f4 ]  0000387a          *   00000002   rts55x.lib : fputs.obj (.const:.string)
                 [ 000070f8 ]  0000387c          *   00000002              : fltlid.obj (.const)

.text        0     00020000  [ 00010000 ] 00008911          *   
                   00020000  [ 00010000 ] 000015a4          *   rts55x.lib : _printfi.obj (.text)
                   000215a4  [ 00010ad2 ] 00000c3c          *   cslVC5505.lib : csl_i2c.obj (.text)
                   000221e0  [ 000110f0 ] 00000b18          *                 : csl_sar.obj (.text)
                   00022cf8  [ 0001167c ] 000009f3          *                 : csl_i2s.obj (.text)
                   000236eb  [ 00011b75+] 0000068d          *                 : csl_gpio.obj (.text)
                   00023d78  [ 00011ebc ] 000005b5          *   aic3204_init.obj (.text)
                   0002432d  [ 00012196+] 00000554          *   cslVC5505.lib : csl_intc.obj (.text)
                   00024881  [ 00012440+] 00000543          *   rts55x.lib : lowlev.obj (.text)
                   00024dc4  [ 000126e2 ] 00000528          *              : trgdrv.obj (.text)
                   000252ec  [ 00012976 ] 000004b5          *              : memory.obj (.text)
                   000257a1  [ 00012bd0+] 000003fa          *   main.obj (.text)
                   00025b9b  [ 00012dcd+] 000003cc          *   rts55x.lib : divd.obj (.text)
                   00025f67  [ 00012fb3+] 0000031b          *   ezdsp5535_aic3204_dma.obj (.text)
                   00026282  [ 00013141 ] 000002d2          *   print_number.obj (.text)
                   00026554  [ 000132aa ] 000002cc          *   processing.obj (.text)
                   00026820  [ 00013410 ] 0000027f          *   rts55x.lib : fopen.obj (.text)
                   00026a9f  [ 0001354f+] 0000025e          *              : llmpy.obj (.text)
                   00026cfd  [ 0001367e+] 0000025a          *              : addd.obj (.text)
                   00026f57  [ 000137ab+] 000001ea          *              : cmpd.obj (.text)
                   00027141  [ 000138a0+] 00000192          *   ezdsp5535bsl.lib : ezdsp5535_lcd.obj (.text)
                   000272d3  [ 00013969+] 0000017a          *                    : ezdsp5535_sar.obj (.text)
                   0002744d  [ 00013a26+] 00000163          *   rts55x.lib : fputs.obj (.text)
                   000275b0  [ 00013ad8 ] 0000014c          *              : mpyd.obj (.text)
                   000276fc  [ 00013b7e ] 00000120          *   iir.obj (.text)
                   0002781c  [ 00013c0e ] 00000107          *   ezdsp5535bsl.lib : ezdsp5535_i2s.obj (.text)
                   00027923  [ 00013c91+] 000000e6          *   rts55x.lib : setvbuf.obj (.text)
                   00027a09  [ 00013d04+] 000000dd          *              : _io_perm.obj (.text)
                   00027ae6  [ 00013d73 ] 000000cc          *   ezdsp5535_aic3204_dma.obj (.text:retain)
                   00027bb2  [ 00013dd9 ] 000000c3          *   aic3204.obj (.text)
                   00027c75  [ 00013e3a+] 000000c2          *   rts55x.lib : fflush.obj (.text)
                   00027d37  [ 00013e9b+] 000000ba          *              : trgmsg.obj (.text:CIO_breakpoint)
                   00027df1  [ 00013ef8+] 000000a6          *              : fputc.obj (.text)
                   00027e97  [ 00013f4b+] 000000a1          *              : divul.obj (.text)
                   00027f38  [ 00013f9c ] 0000008e          *   ezdsp5535bsl.lib : ezdsp5535_i2c.obj (.text)
                   00027fc6  [ 00013fe3 ] 0000008c          *   cslVC5505.lib : csl_irqplug.obj (.text)
                   00028052  [ 00014029 ] 00000087          *   ezdsp5535bsl.lib : ezdsp5535_gpio.obj (.text)
                   000280d9  [ 0001406c+] 0000007d          *   rts55x.lib : ltoa.obj (.text)
                   00028156  [ 000140ab ] 0000007b          *              : fclose.obj (.text)
                   000281d1  [ 000140e8+] 00000076          *              : frcmpyd.obj (.text)
                   00028247  [ 00014123+] 00000073          *              : frcmpyd_div.obj (.text)
                   000282ba  [ 0001415d ] 00000072          *              : remul.obj (.text)
                   0002832c  [ 00014196 ] 0000006f          *              : fixdli.obj (.text)
                   0002839b  [ 000141cd+] 0000006d          *   cslVC5505.lib : vectors.obj (.text)
                   00028408  [ 00014204 ] 0000006d          *   rts55x.lib : trgmsg.obj (.text)
                   00028475  [ 0001423a+] 0000006b          *              : fseek.obj (.text)
                   000284e0  [ 00014270 ] 00000067          *              : fltlid.obj (.text)
                   00028547  [ 000142a3+] 0000005c          *              : atoi.obj (.text)
                   000285a3  [ 000142d1+] 00000054          *   ezdsp5535bsl.lib : ezdsp5535.obj (.text)
                   000285f7  [ 000142fb+] 00000050          *   rts55x.lib : printf.obj (.text)
                   00028647  [ 00014323+] 0000004d          *              : autoinit.obj (.text)
                   00028694  [ 0001434a ] 0000004b          *              : args_main.obj (.text)
                   000286df  [ 0001436f+] 0000004b          *              : remli.obj (.text)
                   0002872a  [ 00014395 ] 00000048          *              : divli.obj (.text)
                   00028772  [ 000143b9 ] 0000003f          *              : memcpy.obj (.text)
                   000287b1  [ 000143d8+] 0000003e          *              : exit.obj (.text)
                   000287ef  [ 000143f7+] 00000034          *              : boot.obj (.text)
                   00028823  [ 00014411+] 0000002a          *              : fixdi.obj (.text)
                   0002884d  [ 00014426+] 0000002a          *              : udiv.obj (.text)
                   00028877  [ 0001443b+] 00000023          *              : memccpy.obj (.text)
                   0002889a  [ 0001444d ] 0000001a          *              : isinf.obj (.text)
                   000288b4  [ 0001445a ] 00000014          *              : subd.obj (.text)
                   000288c8  [ 00014464 ] 00000013          *              : lmpy.obj (.text)
                   000288db  [ 0001446d+] 00000012          *              : _lock.obj (.text)
                   000288ed  [ 00014476+] 00000010          *              : negd.obj (.text)
                   000288fd  [ 0001447e+] 0000000a          *              : remove.obj (.text)
                   00028907  [ 00014483+] 00000007          *              : exit.obj (.text:CIO_breakpoint)
                   0002890e  [ 00014487 ] 00000002          *              : vectors.obj (.text)
                   00028910  [ 00014488 ] 00000001          *   --HOLE-- [fill = 20]

.cio         0   [ 00040000 ]  00020000          *   00000120   UNINITIALIZED
                 [ 00040000 ]  00020000          *   00000120   rts55x.lib : trgmsg.obj (.cio)

.cinit       0   [ 00040240 ]  00020120          *   000000a6   
                 [ 00040240 ]  00020120          *   0000002d   rts55x.lib : lowlev.obj (.cinit)
                 [ 0004029a ]  0002014d          *   0000002a              : defs.obj (.cinit)
                 [ 000402ee ]  00020177          *   0000001e   main.obj (.cinit)
                 [ 0004032a ]  00020195          *   0000000c   ezdsp5535bsl.lib : ezdsp5535_sar.obj (.cinit)
                 [ 00040342 ]  000201a1          *   0000000a   rts55x.lib : _lock.obj (.cinit)
                 [ 00040356 ]  000201ab          *   0000000a              : exit.obj (.cinit)
                 [ 0004036a ]  000201b5          *   00000008   cslVC5505.lib : csl_i2s.obj (.cinit)
                 [ 0004037a ]  000201bd          *   00000004   rts55x.lib : fopen.obj (.cinit)
                 [ 00040382 ]  000201c1          *   00000004              : memory.obj (.cinit)
                 [ 0004038a ]  000201c5          *   00000001   --HOLE-- [fill = 0]

.switch      0   [ 0004038c ]  000201c6          *   00000014   
                 [ 0004038c ]  000201c6          *   00000014   print_number.obj (.switch:_printChar)

vectors      0     0004fe00  [ 00027f00 ] 00000200          *   
                   0004fe00  [ 00027f00 ] 00000100          *   cslVC5505.lib : vectors.obj (vectors)
                   0004ff00  [ 00027f80 ] 00000100          *   rts55x.lib : vectors.obj (vectors)


GLOBAL SYMBOLS: SORTED ALPHABETICALLY BY Name 

abs. value/
byte addr   word addr   name
---------   ---------   ----
00000002                $TI_capability$C5500$CallingConvention
00000002                $TI_capability$C5500$MemoryModel
00000001                $TI_capability_requires_rev3
ffffffff                .bss
ffffffff                .data
ffffffff                .text
00028908                C$$EXIT
00027dec                C$$IO$$
000288c8                I$$LMPY
0002884d                I$$UDIV
00028862                I$$UMOD
0004fe00                RST
00027bb2                _AIC3204_rget
00027bfd                _AIC3204_rset
            00002da4    _DMA_InputL
            00002ea4    _DMA_InputR
            00002fa4    _DMA_OutputL
            000030a4    _DMA_OutputR
            00002a6c    _EQHP
            000029ec    _EQLP
            00002aec    _EQPeek
            00002b6c    _EQPeek2
            00002bf0    _EQx_historyHP
            00002bec    _EQx_historyLP
            00002bf4    _EQx_historyPeek
            00002bf8    _EQx_historyPeek2
            00002bf2    _EQy_historyHP
            00002bee    _EQy_historyLP
            00002bf6    _EQy_historyPeek
            00002bfa    _EQy_historyPeek2
000280bb                _EZDSP5535_GPIO_getInput
00028052                _EZDSP5535_GPIO_init
0002807d                _EZDSP5535_GPIO_setDirection
000280a1                _EZDSP5535_GPIO_setOutput
00027f38                _EZDSP5535_I2C_init
00027f9e                _EZDSP5535_I2C_read
00027f6d                _EZDSP5535_I2C_reset
00027f78                _EZDSP5535_I2C_write
00027911                _EZDSP5535_I2S_close
0002781c                _EZDSP5535_I2S_init
00027875                _EZDSP5535_I2S_readLeft
000278d4                _EZDSP5535_I2S_readRight
000278a7                _EZDSP5535_I2S_writeLeft
000278f5                _EZDSP5535_I2S_writeRight
000271b4                _EZDSP5535_OSD9616_init
00027169                _EZDSP5535_OSD9616_multiSend
00027296                _EZDSP5535_OSD9616_printLetter
00027141                _EZDSP5535_OSD9616_send
00027399                _EZDSP5535_SAR_getKey
000272d3                _EZDSP5535_SAR_init
000285e9                _EZDSP5535_init
000285a3                _EZDSP5535_wait
000285d7                _EZDSP5535_waitusec
00023bd6                _GPIO_clearInt
0002372f                _GPIO_close
00023753                _GPIO_config
00023986                _GPIO_configBit
00023ace                _GPIO_disableInt
00023b4c                _GPIO_enableInt
000237d8                _GPIO_getConfig
000236eb                _GPIO_open
00023860                _GPIO_read
00023ce9                _GPIO_reset
00023c62                _GPIO_statusBit
000238e3                _GPIO_write
            000034ce    _GpioObj
0002528e                _HOSTclock
00025223                _HOSTclose
0002516e                _HOSTlseek
000250cf                _HOSTopen
00025042                _HOSTread
00024f94                _HOSTrename
00024f36                _HOSTtime
00024ecc                _HOSTunlink
00024e3f                _HOSTwrite
0002164d                _I2C_config
00022018                _I2C_eventDisable
00021ee4                _I2C_eventEnable
000217b2                _I2C_getConfig
000221c4                _I2C_getEventId
000215a4                _I2C_init
00021cc6                _I2C_read
00022137                _I2C_setCallback
00021888                _I2C_setup
00021a82                _I2C_write
0002312d                _I2S_close
00022cf8                _I2S_open
000231df                _I2S_read
000235ef                _I2S_reset
00022e3f                _I2S_setup
000236a0                _I2S_transEnable
00023499                _I2S_write
000243c7                _IRQ_clear
00024431                _IRQ_clearAll
00024441                _IRQ_config
00024567                _IRQ_disable
000245e5                _IRQ_disableAll
000245f3                _IRQ_enable
000246ed                _IRQ_getArg
000244d4                _IRQ_getConfig
0002483b                _IRQ_globalDisable
00024854                _IRQ_globalEnable
0002486d                _IRQ_globalRestore
0002432d                _IRQ_init
00024766                _IRQ_map
00027fc6                _IRQ_plug
0002467d                _IRQ_restore
00024733                _IRQ_setArg
00024798                _IRQ_setVecs
000247c9                _IRQ_test
0004ff00                _Reset
00022763                _SAR_A2DMeasParamSet
00022bdd                _SAR_GPODirSet
000222da                _SAR_chanClose
0002235e                _SAR_chanConfig
0002265a                _SAR_chanCycSet
0002225d                _SAR_chanInit
00022278                _SAR_chanOpen
00022446                _SAR_chanSetup
0002223d                _SAR_deInit
000223d4                _SAR_getConfig
00022cb9                _SAR_getStatus
000221e0                _SAR_init
00022722                _SAR_readData
000226a9                _SAR_startConversion
000226db                _SAR_stopConversion
            000034c4    _SarHandle
            000034c0    _SarObj
            00002c9c    _ShellBufferHP
            00002c1c    _ShellBufferLP
            00002d1c    _ShellBufferPeek
0004fe00                _VECSTART
            00020000    __CIOBUF_
000242d4                __I2S_init
            00001060    __STACK_END
00002000                __STACK_SIZE
00002000                __SYSMEM_SIZE
00001000                __SYSSTACK_SIZE
00000001                __TI_args_main
ffffffff                ___binit__
ffffffff                ___bss__
ffffffff                ___c_args__
            00020120    ___cinit__
ffffffff                ___data__
ffffffff                ___edata__
ffffffff                ___end__
ffffffff                ___etext__
0002889a                ___isinf
ffffffff                ___pinit__
ffffffff                ___text__
00026cfd                __addd
00028694                __args_main
00026941                __cleanup
            000034d6    __cleanup_ptr
000270e9                __cmpd
            00003652    __ctypes_
00025b9b                __divd
0002872a                __divli
00026cc8                __divlli
0002884d                __divu
00027e97                __divul
00026bd4                __divull
00027c75                __doflush
            000034d8    __dtors_ptr
000270b5                __eqld
00028823                __fixdi
0002832c                __fixdli
000284e0                __fltlid
000281d1                __frcmpyd
00028247                __frcmpyd_div
            000032bc    __ft_end
            000031a4    __ftable
0002706b                __geqd
00027020                __gtrd
00026fd3                __leqd
            000034d2    __lock
00026f8b                __lssd
000275b0                __mpyd
000288c8                __mpyli
00026b1c                __mpylli
000288ed                __negd
00026f57                __neqd
000288eb                __nop
00021362                __printfi
00027a89                __rd_ok
000288e3                __register_lock
000288db                __register_unlock
000286df                __remli
00026aed                __remlli
00028862                __remu
000282ba                __remul
00026a9f                __remull
            00000060    __stack
000288b4                __subd
            00001860    __sys_memory
            00001060    __sysstack
            0000321c    __tmpnams
            000034d4    __unlock
00027a09                __wrt_ok
00028907                _abort
00024cd4                _add_device
00027c4a                _aic3204_codec_read
00027c61                _aic3204_codec_write
00027c39                _aic3204_disable
00025f67                _aic3204_dma_init
00027c27                _aic3204_hardware_init
00023d78                _aic3204_init
000260f2                _aic3204_read_block
000261a7                _aic3204_write_block
            000029e2    _alphaHP
            000029e0    _alphaLP
            000029e4    _alphaPeek
            000029e8    _alphaPeek2
00028547                _atoi
00028647                _auto_init
            000029e6    _betaPeek
            000029ea    _betaPeek2
000287ef                _c_int00
0002659b                _calculatePeekCoeff
00026554                _calculateShelvingCoeff
0002577b                _calloc
00025773                _chkheap
00026320                _clearLCD
00024c61                _close
            00002c0c    _coeffHP
            00002c08    _coeffLP
            00002c10    _coeffPeek
            00002c16    _coeffPeek2
            00003753    _consolas_8ptBitmaps
            000034da    _counter1
            000034db    _counter2
            00002960    _dirakSample
000287b1                _exit
00028156                _fclose
00027cde                _fflush
00024c58                _find_registered_device
000276fc                _first_order_IIR
00026a64                _fopen
00027df1                _fputc
0002744d                _fputs
000252ec                _free
0002571d                _free_memory
0002699b                _freopen
            000034ab    _fsError
00028475                _fseek
            000034ae    _gI2cObj
00024dc4                _getenv
            000034d0    _hGpio
            000034dc    _hI2s
            000034be    _i2cHandle
00026282                _initPrintNumber
            000034c6    _keyCnt1
            000034c7    _keyCnt2
00024bf2                _lseek
000280d9                _ltoa
000257a1                _main
0002541d                _malloc
000256c3                _max_free
00028877                _memccpy
00028772                _memcpy
000253b8                _minit
00024b33                _open
            000034ac    _ouError
            000034c3    _preKey
000263ee                _printChar
000285f7                _printf
00027df1                _putc
00027e88                _putchar
00027582                _puts
00024a85                _read
00028408                _readmsg
00025512                _realloc
000288fd                _remove
00024a4f                _remove_device
000249f6                _rename
            00002860    _sampleBufferL
            000028e0    _sampleBufferR
00027763                _second_order_IIR
000263cc                _setWritePointerToFirstChar
00023f69                _set_sampling_frequency_and_gain
00027923                _setvbuf
00026649                _shelvingHP
000266be                _shelvingLP
0002676f                _shelvingPeek
            000037b3    _sign_width
000249c3                _unlink
00024881                _write
00027d37                _writemsg
            00002c00    _x_historyHP
            00002bfc    _x_historyLP
            00002c04    _x_historyPeek
            00002c02    _y_historyHP
            00002bfe    _y_historyLP
            00002c06    _y_historyPeek
ffffffff                binit
            00020120    cinit
ffffffff                edata
ffffffff                end
ffffffff                etext
ffffffff                pinit


GLOBAL SYMBOLS: SORTED BY Symbol Address 

abs. value/
byte addr   word addr   name
---------   ---------   ----
00000001                $TI_capability_requires_rev3
00000001                __TI_args_main
00000002                $TI_capability$C5500$CallingConvention
00000002                $TI_capability$C5500$MemoryModel
            00000060    __stack
00001000                __SYSSTACK_SIZE
00002000                __STACK_SIZE
00002000                __SYSMEM_SIZE
            00001060    __STACK_END
            00001060    __sysstack
            00001860    __sys_memory
            00002860    _sampleBufferL
            000028e0    _sampleBufferR
            00002960    _dirakSample
            000029e0    _alphaLP
            000029e2    _alphaHP
            000029e4    _alphaPeek
            000029e6    _betaPeek
            000029e8    _alphaPeek2
            000029ea    _betaPeek2
            000029ec    _EQLP
            00002a6c    _EQHP
            00002aec    _EQPeek
            00002b6c    _EQPeek2
            00002bec    _EQx_historyLP
            00002bee    _EQy_historyLP
            00002bf0    _EQx_historyHP
            00002bf2    _EQy_historyHP
            00002bf4    _EQx_historyPeek
            00002bf6    _EQy_historyPeek
            00002bf8    _EQx_historyPeek2
            00002bfa    _EQy_historyPeek2
            00002bfc    _x_historyLP
            00002bfe    _y_historyLP
            00002c00    _x_historyHP
            00002c02    _y_historyHP
            00002c04    _x_historyPeek
            00002c06    _y_historyPeek
            00002c08    _coeffLP
            00002c0c    _coeffHP
            00002c10    _coeffPeek
            00002c16    _coeffPeek2
            00002c1c    _ShellBufferLP
            00002c9c    _ShellBufferHP
            00002d1c    _ShellBufferPeek
            00002da4    _DMA_InputL
            00002ea4    _DMA_InputR
            00002fa4    _DMA_OutputL
            000030a4    _DMA_OutputR
            000031a4    __ftable
            0000321c    __tmpnams
            000032bc    __ft_end
            000034ab    _fsError
            000034ac    _ouError
            000034ae    _gI2cObj
            000034be    _i2cHandle
            000034c0    _SarObj
            000034c3    _preKey
            000034c4    _SarHandle
            000034c6    _keyCnt1
            000034c7    _keyCnt2
            000034ce    _GpioObj
            000034d0    _hGpio
            000034d2    __lock
            000034d4    __unlock
            000034d6    __cleanup_ptr
            000034d8    __dtors_ptr
            000034da    _counter1
            000034db    _counter2
            000034dc    _hI2s
            00003652    __ctypes_
            00003753    _consolas_8ptBitmaps
            000037b3    _sign_width
00021362                __printfi
000215a4                _I2C_init
0002164d                _I2C_config
000217b2                _I2C_getConfig
00021888                _I2C_setup
00021a82                _I2C_write
00021cc6                _I2C_read
00021ee4                _I2C_eventEnable
00022018                _I2C_eventDisable
00022137                _I2C_setCallback
000221c4                _I2C_getEventId
000221e0                _SAR_init
0002223d                _SAR_deInit
0002225d                _SAR_chanInit
00022278                _SAR_chanOpen
000222da                _SAR_chanClose
0002235e                _SAR_chanConfig
000223d4                _SAR_getConfig
00022446                _SAR_chanSetup
0002265a                _SAR_chanCycSet
000226a9                _SAR_startConversion
000226db                _SAR_stopConversion
00022722                _SAR_readData
00022763                _SAR_A2DMeasParamSet
00022bdd                _SAR_GPODirSet
00022cb9                _SAR_getStatus
00022cf8                _I2S_open
00022e3f                _I2S_setup
0002312d                _I2S_close
000231df                _I2S_read
00023499                _I2S_write
000235ef                _I2S_reset
000236a0                _I2S_transEnable
000236eb                _GPIO_open
0002372f                _GPIO_close
00023753                _GPIO_config
000237d8                _GPIO_getConfig
00023860                _GPIO_read
000238e3                _GPIO_write
00023986                _GPIO_configBit
00023ace                _GPIO_disableInt
00023b4c                _GPIO_enableInt
00023bd6                _GPIO_clearInt
00023c62                _GPIO_statusBit
00023ce9                _GPIO_reset
00023d78                _aic3204_init
00023f69                _set_sampling_frequency_and_gain
000242d4                __I2S_init
0002432d                _IRQ_init
000243c7                _IRQ_clear
00024431                _IRQ_clearAll
00024441                _IRQ_config
000244d4                _IRQ_getConfig
00024567                _IRQ_disable
000245e5                _IRQ_disableAll
000245f3                _IRQ_enable
0002467d                _IRQ_restore
000246ed                _IRQ_getArg
00024733                _IRQ_setArg
00024766                _IRQ_map
00024798                _IRQ_setVecs
000247c9                _IRQ_test
0002483b                _IRQ_globalDisable
00024854                _IRQ_globalEnable
0002486d                _IRQ_globalRestore
00024881                _write
000249c3                _unlink
000249f6                _rename
00024a4f                _remove_device
00024a85                _read
00024b33                _open
00024bf2                _lseek
00024c58                _find_registered_device
00024c61                _close
00024cd4                _add_device
00024dc4                _getenv
00024e3f                _HOSTwrite
00024ecc                _HOSTunlink
00024f36                _HOSTtime
00024f94                _HOSTrename
00025042                _HOSTread
000250cf                _HOSTopen
0002516e                _HOSTlseek
00025223                _HOSTclose
0002528e                _HOSTclock
000252ec                _free
000253b8                _minit
0002541d                _malloc
00025512                _realloc
000256c3                _max_free
0002571d                _free_memory
00025773                _chkheap
0002577b                _calloc
000257a1                _main
00025b9b                __divd
00025f67                _aic3204_dma_init
000260f2                _aic3204_read_block
000261a7                _aic3204_write_block
00026282                _initPrintNumber
00026320                _clearLCD
000263cc                _setWritePointerToFirstChar
000263ee                _printChar
00026554                _calculateShelvingCoeff
0002659b                _calculatePeekCoeff
00026649                _shelvingHP
000266be                _shelvingLP
0002676f                _shelvingPeek
00026941                __cleanup
0002699b                _freopen
00026a64                _fopen
00026a9f                __remull
00026aed                __remlli
00026b1c                __mpylli
00026bd4                __divull
00026cc8                __divlli
00026cfd                __addd
00026f57                __neqd
00026f8b                __lssd
00026fd3                __leqd
00027020                __gtrd
0002706b                __geqd
000270b5                __eqld
000270e9                __cmpd
00027141                _EZDSP5535_OSD9616_send
00027169                _EZDSP5535_OSD9616_multiSend
000271b4                _EZDSP5535_OSD9616_init
00027296                _EZDSP5535_OSD9616_printLetter
000272d3                _EZDSP5535_SAR_init
00027399                _EZDSP5535_SAR_getKey
0002744d                _fputs
00027582                _puts
000275b0                __mpyd
000276fc                _first_order_IIR
00027763                _second_order_IIR
0002781c                _EZDSP5535_I2S_init
00027875                _EZDSP5535_I2S_readLeft
000278a7                _EZDSP5535_I2S_writeLeft
000278d4                _EZDSP5535_I2S_readRight
000278f5                _EZDSP5535_I2S_writeRight
00027911                _EZDSP5535_I2S_close
00027923                _setvbuf
00027a09                __wrt_ok
00027a89                __rd_ok
00027bb2                _AIC3204_rget
00027bfd                _AIC3204_rset
00027c27                _aic3204_hardware_init
00027c39                _aic3204_disable
00027c4a                _aic3204_codec_read
00027c61                _aic3204_codec_write
00027c75                __doflush
00027cde                _fflush
00027d37                _writemsg
00027dec                C$$IO$$
00027df1                _fputc
00027df1                _putc
00027e88                _putchar
00027e97                __divul
00027f38                _EZDSP5535_I2C_init
00027f6d                _EZDSP5535_I2C_reset
00027f78                _EZDSP5535_I2C_write
00027f9e                _EZDSP5535_I2C_read
00027fc6                _IRQ_plug
00028052                _EZDSP5535_GPIO_init
0002807d                _EZDSP5535_GPIO_setDirection
000280a1                _EZDSP5535_GPIO_setOutput
000280bb                _EZDSP5535_GPIO_getInput
000280d9                _ltoa
00028156                _fclose
000281d1                __frcmpyd
00028247                __frcmpyd_div
000282ba                __remul
0002832c                __fixdli
00028408                _readmsg
00028475                _fseek
000284e0                __fltlid
00028547                _atoi
000285a3                _EZDSP5535_wait
000285d7                _EZDSP5535_waitusec
000285e9                _EZDSP5535_init
000285f7                _printf
00028647                _auto_init
00028694                __args_main
000286df                __remli
0002872a                __divli
00028772                _memcpy
000287b1                _exit
000287ef                _c_int00
00028823                __fixdi
0002884d                I$$UDIV
0002884d                __divu
00028862                I$$UMOD
00028862                __remu
00028877                _memccpy
0002889a                ___isinf
000288b4                __subd
000288c8                I$$LMPY
000288c8                __mpyli
000288db                __register_unlock
000288e3                __register_lock
000288eb                __nop
000288ed                __negd
000288fd                _remove
00028907                _abort
00028908                C$$EXIT
            00020000    __CIOBUF_
            00020120    ___cinit__
            00020120    cinit
0004fe00                RST
0004fe00                _VECSTART
0004ff00                _Reset
ffffffff                .bss
ffffffff                .data
ffffffff                .text
ffffffff                ___binit__
ffffffff                ___bss__
ffffffff                ___c_args__
ffffffff                ___data__
ffffffff                ___edata__
ffffffff                ___end__
ffffffff                ___etext__
ffffffff                ___pinit__
ffffffff                ___text__
ffffffff                binit
ffffffff                edata
ffffffff                end
ffffffff                etext
ffffffff                pinit

[300 symbols]
