******************************************************************************
              TMS320C55x Linker PC v4.4.1                      
******************************************************************************
>> Linked Tue Mar 27 16:33:15 2018

OUTPUT FILE NAME:   <EQ sim.out>
ENTRY POINT SYMBOL: "_c_int00"  address: 00024bfb


MEMORY CONFIGURATION

         name            origin    length      used     unused   attr    fill
                        (bytes)   (bytes)    (bytes)   (bytes)
----------------------  --------  ---------  --------  --------  ----  --------
PAGE 0:
  MMR                   00000000   000000c0  00000000  000000c0  RWIX
  DARAM0                000000c0   0000ff40  00006772  000097ce  RWIX
  SARAM0                00010000   00010000  00000000  00010000  RWIX
  SARAM1                00020000   00020000  00004d27  0001b2d9  RWIX
  SARAM2                00040000   0000fe00  00000344  0000fabc  RWIX
  VECS                  0004fe00   00000200  00000100  00000100  RWIX
  PDROM                 00ff8000   00008000  00000000  00008000  R IX

PAGE 2:
  IOPORT                00000000   00020000  00000000  00020000  RWI 


SECTION ALLOCATION MAP
(Addresses surrounded by []'s are displayed for convenience only!)

output                                                          attributes/
section   page  orgn(bytes) orgn(words) len(bytes) len(words)   input sections
--------  ----  ----------- ----------- ---------- ----------   --------------
.pinit       0   [ 00040000 ]  00020000          *   00000000   UNINITIALIZED

.stack       0   [ 000000c0 ]  00000060          *   00001000   UNINITIALIZED
                 [ 000000c0 ]  00000060          *   00001000   --HOLE--

.data        0   [ 000000c0 ]  00000060          *   00000000   UNINITIALIZED

.sysstack 
*            0   [ 000020c0 ]  00001060          *   00000800   UNINITIALIZED
                 [ 000020c0 ]  00001060          *   00000800   --HOLE--

.sysmem      0   [ 000030c0 ]  00001860          *   00001000   UNINITIALIZED
                 [ 000030c0 ]  00001860          *   00001000   --HOLE--

.bss.1       0   [ 000050c0 ]  00002860          *   0000096b   UNINITIALIZED
                 [ 000050c0 ]  00002860          *   00000400   ezdsp5535_aic3204_dma.obj (.bss)
                 [ 000058c0 ]  00002c60          *   00000310   main.obj (.bss)
                 [ 00005ee0 ]  00002f70          *   00000119   rts55x.lib : defs.obj (.bss)
                 [ 00006112 ]  00003089          *   000000d0              : trgdrv.obj (.bss)
                 [ 000062b2 ]  00003159          *   00000001              : fopen.obj (.bss)
                 [ 000062b4 ]  0000315a          *   00000071              : lowlev.obj (.bss)

.bss.2       0   [ 00006398 ]  000031cc          *   0000000b   UNINITIALIZED
                 [ 00006398 ]  000031cc          *   00000006   rts55x.lib : memory.obj (.bss)
                 [ 000063a4 ]  000031d2          *   00000005   aic3204.obj (.bss)

.bss.3       0   [ 000063b0 ]  000031d8          *   0000000c   UNINITIALIZED
                 [ 000063b0 ]  000031d8          *   00000004   aic3204_init.obj (.bss)
                 [ 000063b8 ]  000031dc          *   00000004   rts55x.lib : _lock.obj (.bss)
                 [ 000063c0 ]  000031e0          *   00000004              : exit.obj (.bss)

.const.1     0   [ 000063c8 ]  000031e4          *   00000199   
                 [ 000063c8 ]  000031e4          *   00000101   rts55x.lib : ctype.obj (.const:__ctypes_)
                 [ 000065ca ]  000032e5          *   00000001   print_number.obj (.const)
                 [ 000065cc ]  000032e6          *   00000097   aic3204_init.obj (.const:.string)

.const.2     0   [ 000066fc ]  0000337e          *   00000041   
                 [ 000066fc ]  0000337e          *   00000041   main.obj (.const:.string)

.const.3     0   [ 00006780 ]  000033c0          *   00000039   
                 [ 00006780 ]  000033c0          *   00000024   rts55x.lib : _printfi.obj (.const:.string)
                 [ 000067c8 ]  000033e4          *   00000015   print_number.obj (.const:.string)

.const.4     0   [ 000067f4 ]  000033fa          *   00000024   
                 [ 000067f4 ]  000033fa          *   0000000c   rts55x.lib : _printfi.obj (.const)
                 [ 0000680c ]  00003406          *   00000008              : divd.obj (.const:_initial_approx$1)
                 [ 0000681c ]  0000340e          *   00000006   main.obj (.const)
                 [ 00006828 ]  00003414          *   00000006   processing.obj (.const)
                 [ 00006834 ]  0000341a          *   00000002   rts55x.lib : fputs.obj (.const:.string)
                 [ 00006838 ]  0000341c          *   00000002              : fltlid.obj (.const)

.text        0     00020000  [ 00010000 ] 00004d27          *   
                   00020000  [ 00010000 ] 000015a4          *   rts55x.lib : _printfi.obj (.text)
                   000215a4  [ 00010ad2 ] 00000543          *              : lowlev.obj (.text)
                   00021ae7  [ 00010d73+] 00000528          *              : trgdrv.obj (.text)
                   0002200f  [ 00011007+] 000004b5          *              : memory.obj (.text)
                   000224c4  [ 00011262 ] 000003cc          *              : divd.obj (.text)
                   00022890  [ 00011448 ] 0000027f          *              : fopen.obj (.text)
                   00022b0f  [ 00011587+] 0000025e          *              : llmpy.obj (.text)
                   00022d6d  [ 000116b6+] 0000025a          *              : addd.obj (.text)
                   00022fc7  [ 000117e3+] 0000021b          *   main.obj (.text)
                   000231e2  [ 000118f1 ] 0000020b          *   processing.obj (.text)
                   000233ed  [ 000119f6+] 000001ee          *   rts55x.lib : fwrite.obj (.text)
                   000235db  [ 00011aed+] 000001ea          *              : cmpd.obj (.text)
                   000237c5  [ 00011be2+] 00000163          *              : fputs.obj (.text)
                   00023928  [ 00011c94 ] 00000152          *   ezdsp5535_aic3204_dma.obj (.text)
                   00023a7a  [ 00011d3d ] 0000014c          *   rts55x.lib : mpyd.obj (.text)
                   00023bc6  [ 00011de3 ] 00000120          *   iir.obj (.text)
                   00023ce6  [ 00011e73 ] 0000010f          *   rts55x.lib : fread.obj (.text)
                   00023df5  [ 00011efa+] 000000f6          *   aic3204_init.obj (.text)
                   00023eeb  [ 00011f75+] 000000f2          *   aic3204.obj (.text)
                   00023fdd  [ 00011fee+] 000000e6          *   rts55x.lib : setvbuf.obj (.text)
                   000240c3  [ 00012061+] 000000dd          *              : _io_perm.obj (.text)
                   000241a0  [ 000120d0 ] 000000c2          *              : fflush.obj (.text)
                   00024262  [ 00012131 ] 000000ba          *              : trgmsg.obj (.text:CIO_breakpoint)
                   0002431c  [ 0001218e ] 000000ae          *              : _bufread.obj (.text)
                   000243ca  [ 000121e5 ] 000000a6          *              : fputc.obj (.text)
                   00024470  [ 00012238 ] 000000a1          *              : divul.obj (.text)
                   00024511  [ 00012288+] 0000007d          *              : ltoa.obj (.text)
                   0002458e  [ 000122c7 ] 0000007b          *              : fclose.obj (.text)
                   00024609  [ 00012304+] 00000076          *              : frcmpyd.obj (.text)
                   0002467f  [ 0001233f+] 00000073          *              : frcmpyd_div.obj (.text)
                   000246f2  [ 00012379 ] 00000072          *              : remul.obj (.text)
                   00024764  [ 000123b2 ] 0000006f          *              : fixdli.obj (.text)
                   000247d3  [ 000123e9+] 0000006d          *              : trgmsg.obj (.text)
                   00024840  [ 00012420 ] 0000006b          *              : fseek.obj (.text)
                   000248ab  [ 00012455+] 00000067          *              : fltlid.obj (.text)
                   00024912  [ 00012489 ] 0000005c          *              : atoi.obj (.text)
                   0002496e  [ 000124b7 ] 00000054          *   ezdsp5535bsl.lib : ezdsp5535.obj (.text)
                   000249c2  [ 000124e1 ] 00000050          *   rts55x.lib : printf.obj (.text)
                   00024a12  [ 00012509 ] 0000004d          *              : autoinit.obj (.text)
                   00024a5f  [ 0001252f+] 0000004b          *              : args_main.obj (.text)
                   00024aaa  [ 00012555 ] 0000004b          *              : remli.obj (.text)
                   00024af5  [ 0001257a+] 00000048          *              : divli.obj (.text)
                   00024b3d  [ 0001259e+] 00000041          *   print_number.obj (.text)
                   00024b7e  [ 000125bf ] 0000003f          *   rts55x.lib : memcpy.obj (.text)
                   00024bbd  [ 000125de+] 0000003e          *              : exit.obj (.text)
                   00024bfb  [ 000125fd+] 00000034          *              : boot.obj (.text)
                   00024c2f  [ 00012617+] 0000002a          *              : fixdi.obj (.text)
                   00024c59  [ 0001262c+] 0000002a          *              : udiv.obj (.text)
                   00024c83  [ 00012641+] 00000023          *              : memccpy.obj (.text)
                   00024ca6  [ 00012653 ] 0000001a          *              : isinf.obj (.text)
                   00024cc0  [ 00012660 ] 00000014          *              : subd.obj (.text)
                   00024cd4  [ 0001266a ] 00000013          *              : lmpy.obj (.text)
                   00024ce7  [ 00012673+] 00000012          *              : _lock.obj (.text)
                   00024cf9  [ 0001267c+] 00000010          *              : negd.obj (.text)
                   00024d09  [ 00012684+] 0000000a          *   EZDSP5535_SAR_sim.obj (.text)
                   00024d13  [ 00012689+] 0000000a          *   rts55x.lib : remove.obj (.text)
                   00024d1d  [ 0001268e+] 00000007          *              : exit.obj (.text:CIO_breakpoint)
                   00024d24  [ 00012692 ] 00000002          *              : vectors.obj (.text)
                   00024d26  [ 00012693 ] 00000001          *   --HOLE-- [fill = 20]

.cio         0   [ 00040000 ]  00020000          *   00000120   UNINITIALIZED
                 [ 00040000 ]  00020000          *   00000120   rts55x.lib : trgmsg.obj (.cio)

.cinit       0   [ 00040240 ]  00020120          *   00000082   
                 [ 00040240 ]  00020120          *   0000002d   rts55x.lib : lowlev.obj (.cinit)
                 [ 0004029a ]  0002014d          *   0000002a              : defs.obj (.cinit)
                 [ 000402ee ]  00020177          *   0000000a   aic3204_init.obj (.cinit)
                 [ 00040302 ]  00020181          *   0000000a   rts55x.lib : _lock.obj (.cinit)
                 [ 00040316 ]  0002018b          *   0000000a              : exit.obj (.cinit)
                 [ 0004032a ]  00020195          *   00000004   aic3204.obj (.cinit)
                 [ 00040332 ]  00020199          *   00000004   rts55x.lib : fopen.obj (.cinit)
                 [ 0004033a ]  0002019d          *   00000004              : memory.obj (.cinit)
                 [ 00040342 ]  000201a1          *   00000001   --HOLE-- [fill = 0]

vectors      0     0004fe00  [ 00027f00 ] 00000100          *   
                   0004fe00  [ 00027f00 ] 00000100          *   rts55x.lib : vectors.obj (vectors)


GLOBAL SYMBOLS: SORTED ALPHABETICALLY BY Name 

abs. value/
byte addr   word addr   name
---------   ---------   ----
00000002                $TI_capability$C5500$CallingConvention
00000002                $TI_capability$C5500$MemoryModel
00000001                $TI_capability_requires_rev3
ffffffff                .bss
ffffffff                .data
ffffffff                .text
00024d1e                C$$EXIT
00024317                C$$IO$$
00024cd4                I$$LMPY
00024c59                I$$UDIV
00024c6e                I$$UMOD
00024d0d                _EZDSP5535_SAR_getKey
00024d09                _EZDSP5535_SAR_init
000249b4                _EZDSP5535_init
0002496e                _EZDSP5535_wait
000249a2                _EZDSP5535_waitusec
00021fb1                _HOSTclock
00021f46                _HOSTclose
00021e91                _HOSTlseek
00021df2                _HOSTopen
00021d65                _HOSTread
00021cb7                _HOSTrename
00021c59                _HOSTtime
00021bef                _HOSTunlink
00021b62                _HOSTwrite
0004fe00                _Reset
            00002e70    _ShellBufferHP
            00002df0    _ShellBufferLP
            00002ef0    _ShellBufferPeek
            00002860    _SimulatorInput
            00002a60    _SimulatorOutput
            00020000    __CIOBUF_
            00001060    __STACK_END
00002000                __STACK_SIZE
00002000                __SYSMEM_SIZE
00001000                __SYSSTACK_SIZE
00000001                __TI_args_main
ffffffff                ___binit__
ffffffff                ___bss__
ffffffff                ___c_args__
            00020120    ___cinit__
ffffffff                ___data__
ffffffff                ___edata__
ffffffff                ___end__
ffffffff                ___etext__
00024ca6                ___isinf
ffffffff                ___pinit__
ffffffff                ___text__
00022d6d                __addd
00024a5f                __args_main
0002431c                __buff_read
000229b1                __cleanup
            000031e0    __cleanup_ptr
0002376d                __cmpd
            000031e4    __ctypes_
000224c4                __divd
00024af5                __divli
00022d38                __divlli
00024c59                __divu
00024470                __divul
00022c44                __divull
000241a0                __doflush
            000031e2    __dtors_ptr
00023739                __eqld
00024c2f                __fixdi
00024764                __fixdli
000248ab                __fltlid
00024609                __frcmpyd
0002467f                __frcmpyd_div
            00003088    __ft_end
            00002f70    __ftable
000236ef                __geqd
000236a4                __gtrd
00023657                __leqd
            000031dc    __lock
0002360f                __lssd
00023a7a                __mpyd
00024cd4                __mpyli
00022b8c                __mpylli
00024cf9                __negd
000235db                __neqd
00024cf7                __nop
00021362                __printfi
00024143                __rd_ok
00024cef                __register_lock
00024ce7                __register_unlock
00024aaa                __remli
00022b5d                __remlli
00024c6e                __remu
000246f2                __remul
00022b0f                __remull
            00000060    __stack
00024cc0                __subd
            00001860    __sys_memory
            00001060    __sysstack
            00002fe8    __tmpnams
            000031de    __unlock
000240c3                __wrt_ok
00024d1d                _abort
000219f7                _add_device
00023f21                _aic3204_codec_read
00023f91                _aic3204_codec_write
00023eed                _aic3204_disable
00023928                _aic3204_dma_init
            000031d6    _aic3204_enabled
00023eeb                _aic3204_hardware_init
00023e19                _aic3204_init
0002392a                _aic3204_read_block
00023df5                _aic3204_set_input_filename
00023e07                _aic3204_set_output_filename
000239db                _aic3204_write_block
00024912                _atoi
00024a12                _auto_init
00024bfb                _c_int00
00023229                _calculatePeekCoeff
000231e2                _calculateShelvingCoeff
0002249e                _calloc
00022496                _chkheap
00024b3f                _clearLCD
00021984                _close
            00002dec    _coeffLP
            00002d60    _dirakSample
00024bbd                _exit
0002458e                _fclose
00024209                _fflush
0002197b                _find_registered_device
00023bc6                _first_order_IIR
00022ad4                _fopen
000243ca                _fputc
000237c5                _fputs
00023ce6                _fread
0002200f                _free
00022440                _free_memory
00022a0b                _freopen
00024840                _fseek
000233ed                _fwrite
00021ae7                _getenv
00024b3d                _initPrintNumber
            000031d2    _input_file
00021915                _lseek
00024511                _ltoa
00022fc7                _main
00022140                _malloc
000223e6                _max_free
00024c83                _memccpy
00024b7e                _memcpy
000220db                _minit
00021856                _open
            000031d4    _output_file
00024b65                _printChar
000249c2                _printf
000243ca                _putc
00024461                _putchar
000238fa                _puts
000217a8                _read
000247d3                _readmsg
00022235                _realloc
00024d13                _remove
00021772                _remove_device
00021719                _rename
            00002c60    _sampleBufferL
            00002ce0    _sampleBufferR
00023c2d                _second_order_IIR
00024b52                _setWritePointerToFirstChar
00023ede                _set_sampling_frequency_and_gain
00023fdd                _setvbuf
000232d7                _shelvingHP
00023333                _shelvingLP
00023390                _shelvingPeek
            000032e5    _sign_width
000216e6                _unlink
000215a4                _write
00024262                _writemsg
            00002de4    _x_historyHP
            00002de0    _x_historyLP
            00002de8    _x_historyPeek
            00002de6    _y_historyHP
            00002de2    _y_historyLP
            00002dea    _y_historyPeek
ffffffff                binit
            00020120    cinit
ffffffff                edata
ffffffff                end
ffffffff                etext
ffffffff                pinit


GLOBAL SYMBOLS: SORTED BY Symbol Address 

abs. value/
byte addr   word addr   name
---------   ---------   ----
00000001                $TI_capability_requires_rev3
00000001                __TI_args_main
00000002                $TI_capability$C5500$CallingConvention
00000002                $TI_capability$C5500$MemoryModel
            00000060    __stack
00001000                __SYSSTACK_SIZE
00002000                __STACK_SIZE
00002000                __SYSMEM_SIZE
            00001060    __STACK_END
            00001060    __sysstack
            00001860    __sys_memory
            00002860    _SimulatorInput
            00002a60    _SimulatorOutput
            00002c60    _sampleBufferL
            00002ce0    _sampleBufferR
            00002d60    _dirakSample
            00002de0    _x_historyLP
            00002de2    _y_historyLP
            00002de4    _x_historyHP
            00002de6    _y_historyHP
            00002de8    _x_historyPeek
            00002dea    _y_historyPeek
            00002dec    _coeffLP
            00002df0    _ShellBufferLP
            00002e70    _ShellBufferHP
            00002ef0    _ShellBufferPeek
            00002f70    __ftable
            00002fe8    __tmpnams
            00003088    __ft_end
            000031d2    _input_file
            000031d4    _output_file
            000031d6    _aic3204_enabled
            000031dc    __lock
            000031de    __unlock
            000031e0    __cleanup_ptr
            000031e2    __dtors_ptr
            000031e4    __ctypes_
            000032e5    _sign_width
00021362                __printfi
000215a4                _write
000216e6                _unlink
00021719                _rename
00021772                _remove_device
000217a8                _read
00021856                _open
00021915                _lseek
0002197b                _find_registered_device
00021984                _close
000219f7                _add_device
00021ae7                _getenv
00021b62                _HOSTwrite
00021bef                _HOSTunlink
00021c59                _HOSTtime
00021cb7                _HOSTrename
00021d65                _HOSTread
00021df2                _HOSTopen
00021e91                _HOSTlseek
00021f46                _HOSTclose
00021fb1                _HOSTclock
0002200f                _free
000220db                _minit
00022140                _malloc
00022235                _realloc
000223e6                _max_free
00022440                _free_memory
00022496                _chkheap
0002249e                _calloc
000224c4                __divd
000229b1                __cleanup
00022a0b                _freopen
00022ad4                _fopen
00022b0f                __remull
00022b5d                __remlli
00022b8c                __mpylli
00022c44                __divull
00022d38                __divlli
00022d6d                __addd
00022fc7                _main
000231e2                _calculateShelvingCoeff
00023229                _calculatePeekCoeff
000232d7                _shelvingHP
00023333                _shelvingLP
00023390                _shelvingPeek
000233ed                _fwrite
000235db                __neqd
0002360f                __lssd
00023657                __leqd
000236a4                __gtrd
000236ef                __geqd
00023739                __eqld
0002376d                __cmpd
000237c5                _fputs
000238fa                _puts
00023928                _aic3204_dma_init
0002392a                _aic3204_read_block
000239db                _aic3204_write_block
00023a7a                __mpyd
00023bc6                _first_order_IIR
00023c2d                _second_order_IIR
00023ce6                _fread
00023df5                _aic3204_set_input_filename
00023e07                _aic3204_set_output_filename
00023e19                _aic3204_init
00023ede                _set_sampling_frequency_and_gain
00023eeb                _aic3204_hardware_init
00023eed                _aic3204_disable
00023f21                _aic3204_codec_read
00023f91                _aic3204_codec_write
00023fdd                _setvbuf
000240c3                __wrt_ok
00024143                __rd_ok
000241a0                __doflush
00024209                _fflush
00024262                _writemsg
00024317                C$$IO$$
0002431c                __buff_read
000243ca                _fputc
000243ca                _putc
00024461                _putchar
00024470                __divul
00024511                _ltoa
0002458e                _fclose
00024609                __frcmpyd
0002467f                __frcmpyd_div
000246f2                __remul
00024764                __fixdli
000247d3                _readmsg
00024840                _fseek
000248ab                __fltlid
00024912                _atoi
0002496e                _EZDSP5535_wait
000249a2                _EZDSP5535_waitusec
000249b4                _EZDSP5535_init
000249c2                _printf
00024a12                _auto_init
00024a5f                __args_main
00024aaa                __remli
00024af5                __divli
00024b3d                _initPrintNumber
00024b3f                _clearLCD
00024b52                _setWritePointerToFirstChar
00024b65                _printChar
00024b7e                _memcpy
00024bbd                _exit
00024bfb                _c_int00
00024c2f                __fixdi
00024c59                I$$UDIV
00024c59                __divu
00024c6e                I$$UMOD
00024c6e                __remu
00024c83                _memccpy
00024ca6                ___isinf
00024cc0                __subd
00024cd4                I$$LMPY
00024cd4                __mpyli
00024ce7                __register_unlock
00024cef                __register_lock
00024cf7                __nop
00024cf9                __negd
00024d09                _EZDSP5535_SAR_init
00024d0d                _EZDSP5535_SAR_getKey
00024d13                _remove
00024d1d                _abort
00024d1e                C$$EXIT
            00020000    __CIOBUF_
            00020120    ___cinit__
            00020120    cinit
0004fe00                _Reset
ffffffff                .bss
ffffffff                .data
ffffffff                .text
ffffffff                ___binit__
ffffffff                ___bss__
ffffffff                ___c_args__
ffffffff                ___data__
ffffffff                ___edata__
ffffffff                ___end__
ffffffff                ___etext__
ffffffff                ___pinit__
ffffffff                ___text__
ffffffff                binit
ffffffff                edata
ffffffff                end
ffffffff                etext
ffffffff                pinit

[185 symbols]
